C:/TouchGFXProjects/ethernet/LWIP/Target/ethernetif.c:730:9:ETH_PHY_IO_DeInit	0	static
C:/TouchGFXProjects/ethernet/LWIP/Target/ethernetif.c:373:14:low_level_output	72	static,ignoring_inline_asm
C:/TouchGFXProjects/ethernet/LWIP/Target/ethernetif.c:773:9:ETH_PHY_IO_GetTick	0	static
C:/TouchGFXProjects/ethernet/LWIP/Target/ethernetif.c:713:9:ETH_PHY_IO_Init	8	static
C:/TouchGFXProjects/ethernet/LWIP/Target/ethernetif.c:742:9:ETH_PHY_IO_ReadReg	8	static
C:/TouchGFXProjects/ethernet/LWIP/Target/ethernetif.c:759:9:ETH_PHY_IO_WriteReg	8	static
C:/TouchGFXProjects/ethernet/LWIP/Target/ethernetif.c:578:6:pbuf_free_custom	8	static
C:/TouchGFXProjects/ethernet/LWIP/Target/ethernetif.c:470:6:ethernetif_input	40	static
C:/TouchGFXProjects/ethernet/LWIP/Target/ethernetif.c:159:6:HAL_ETH_RxCpltCallback	0	static
C:/TouchGFXProjects/ethernet/LWIP/Target/ethernetif.c:168:6:HAL_ETH_TxCpltCallback	0	static
C:/TouchGFXProjects/ethernet/LWIP/Target/ethernetif.c:177:6:HAL_ETH_ErrorCallback	8	static
C:/TouchGFXProjects/ethernet/LWIP/Target/ethernetif.c:527:7:ethernetif_init	168	static
C:/TouchGFXProjects/ethernet/LWIP/Target/ethernetif.c:601:7:sys_now	0	static
C:/TouchGFXProjects/ethernet/LWIP/Target/ethernetif.c:614:6:HAL_ETH_MspInit	64	static
C:/TouchGFXProjects/ethernet/LWIP/Target/ethernetif.c:669:6:HAL_ETH_MspDeInit	8	static
C:/TouchGFXProjects/ethernet/LWIP/Target/ethernetif.c:782:6:ethernet_link_thread	136	static
C:/TouchGFXProjects/ethernet/LWIP/Target/ethernetif.c:852:6:HAL_ETH_RxAllocateCallback	16	static
C:/TouchGFXProjects/ethernet/LWIP/Target/ethernetif.c:874:6:HAL_ETH_RxLinkCallback	12	static,ignoring_inline_asm
C:/TouchGFXProjects/ethernet/LWIP/Target/ethernetif.c:914:6:HAL_ETH_TxFreeCallback	0	static
