C:/TouchGFXProjects/ethernet/LWIP/Target/ethernetif.c:726:9:ETH_PHY_IO_DeInit	0	static
C:/TouchGFXProjects/ethernet/LWIP/Target/ethernetif.c:373:14:low_level_output	72	static
C:/TouchGFXProjects/ethernet/LWIP/Target/ethernetif.c:769:9:ETH_PHY_IO_GetTick	0	static
C:/TouchGFXProjects/ethernet/LWIP/Target/ethernetif.c:709:9:ETH_PHY_IO_Init	8	static
C:/TouchGFXProjects/ethernet/LWIP/Target/ethernetif.c:738:9:ETH_PHY_IO_ReadReg	8	static
C:/TouchGFXProjects/ethernet/LWIP/Target/ethernetif.c:755:9:ETH_PHY_IO_WriteReg	8	static
C:/TouchGFXProjects/ethernet/LWIP/Target/ethernetif.c:574:6:pbuf_free_custom	8	static
C:/TouchGFXProjects/ethernet/LWIP/Target/ethernetif.c:466:6:ethernetif_input	40	static
C:/TouchGFXProjects/ethernet/LWIP/Target/ethernetif.c:159:6:HAL_ETH_RxCpltCallback	0	static
C:/TouchGFXProjects/ethernet/LWIP/Target/ethernetif.c:168:6:HAL_ETH_TxCpltCallback	0	static
C:/TouchGFXProjects/ethernet/LWIP/Target/ethernetif.c:177:6:HAL_ETH_ErrorCallback	8	static
C:/TouchGFXProjects/ethernet/LWIP/Target/ethernetif.c:523:7:ethernetif_init	168	static
C:/TouchGFXProjects/ethernet/LWIP/Target/ethernetif.c:597:7:sys_now	0	static
C:/TouchGFXProjects/ethernet/LWIP/Target/ethernetif.c:610:6:HAL_ETH_MspInit	64	static
C:/TouchGFXProjects/ethernet/LWIP/Target/ethernetif.c:665:6:HAL_ETH_MspDeInit	8	static
C:/TouchGFXProjects/ethernet/LWIP/Target/ethernetif.c:778:6:ethernet_link_thread	136	static
C:/TouchGFXProjects/ethernet/LWIP/Target/ethernetif.c:848:6:HAL_ETH_RxAllocateCallback	16	static
C:/TouchGFXProjects/ethernet/LWIP/Target/ethernetif.c:870:6:HAL_ETH_RxLinkCallback	12	static,ignoring_inline_asm
C:/TouchGFXProjects/ethernet/LWIP/Target/ethernetif.c:910:6:HAL_ETH_TxFreeCallback	0	static
