C:/TouchGFXProjects/ethernet/Core/Src/main.c:768:6:StartDefaultTask	8	static,ignoring_inline_asm
C:/TouchGFXProjects/ethernet/Core/Src/main.c:253:6:SystemClock_Config	88	static
C:/TouchGFXProjects/ethernet/Core/Src/main.c:698:6:GetManufacturerId	72	static
C:/TouchGFXProjects/ethernet/Core/Src/main.c:728:6:EnableMemoryMappedMode	72	static
C:/TouchGFXProjects/ethernet/Core/Src/main.c:143:5:main	120	static,ignoring_inline_asm
C:/TouchGFXProjects/ethernet/Core/Src/main.c:837:6:HAL_TIM_PeriodElapsedCallback	0	static
C:/TouchGFXProjects/ethernet/Core/Src/main.c:855:6:Error_Handler	0	static
