../../TouchGFX/gui/include/gui/screen1_screen/Screen1Presenter.hpp:18:13:Screen1Presenter::~Screen1Presenter()	0	static
C:/TouchGFXProjects/ethernet/TouchGFX/gui/src/screen1_screen/Screen1Presenter.cpp:9:6:virtual void Screen1Presenter::activate()	0	static
C:/TouchGFXProjects/ethernet/TouchGFX/gui/src/screen1_screen/Screen1Presenter.cpp:20:6:virtual void Screen1Presenter::updateEpcText(char*)	0	static
../../TouchGFX/gui/include/gui/screen1_screen/Screen1Presenter.hpp:18:13:virtual Screen1Presenter::~Screen1Presenter()	8	static
../../TouchGFX/gui/include/gui/screen1_screen/Screen1Presenter.hpp:18:13:virtual void* Screen1Presenter::_ZThn4_N16Screen1PresenterD1Ev()	0	static
C:/TouchGFXProjects/ethernet/TouchGFX/gui/src/screen1_screen/Screen1Presenter.cpp:4:1:Screen1Presenter::Screen1Presenter(Screen1View&)	0	static
