../../TouchGFX/gui/include/gui/screen1_screen/Screen1Presenter.hpp:17:13:Screen1Presenter::~Screen1Presenter()	0	static
C:/TouchGFXProjects/ethernet/TouchGFX/gui/src/screen1_screen/Screen1Presenter.cpp:6:6:virtual void Screen1Presenter::activate()	0	static
C:/TouchGFXProjects/ethernet/TouchGFX/gui/src/screen1_screen/Screen1Presenter.cpp:9:6:virtual void Screen1Presenter::updateAntenna1Epc(char*)	0	static
C:/TouchGFXProjects/ethernet/TouchGFX/gui/src/screen1_screen/Screen1Presenter.cpp:10:6:virtual void Screen1Presenter::updateAntenna2Epc(char*)	0	static
C:/TouchGFXProjects/ethernet/TouchGFX/gui/src/screen1_screen/Screen1Presenter.cpp:11:6:virtual void Screen1Presenter::updateStatusText(char*)	0	static
../../TouchGFX/gui/include/gui/screen1_screen/Screen1Presenter.hpp:17:13:virtual Screen1Presenter::~Screen1Presenter()	8	static
../../TouchGFX/gui/include/gui/screen1_screen/Screen1Presenter.hpp:17:13:virtual void* Screen1Presenter::_ZThn4_N16Screen1PresenterD1Ev()	0	static
C:/TouchGFXProjects/ethernet/TouchGFX/gui/src/screen1_screen/Screen1Presenter.cpp:4:1:Screen1Presenter::Screen1Presenter(Screen1View&)	0	static
C:/TouchGFXProjects/ethernet/TouchGFX/gui/src/screen1_screen/Screen1Presenter.cpp:13:6:void Screen1Presenter::onConnectClicked()	0	static
C:/TouchGFXProjects/ethernet/TouchGFX/gui/src/screen1_screen/Screen1Presenter.cpp:14:6:void Screen1Presenter::onStartClicked()	0	static
C:/TouchGFXProjects/ethernet/TouchGFX/gui/src/screen1_screen/Screen1Presenter.cpp:15:6:void Screen1Presenter::onStopClicked()	0	static
